0000 0000:   □ □ □ □ □ □ □ □  0000 0001 0002 0003 0004 0005 0006 0007
0008 0008:   □ □ □ □ □ □ □ □  0008 0009 000A 000B 000C 000D 000E 000F
0010 0010:   □ □ □ □ □ □ □ □  0010 0011 0012 0013 0014 0015 0016 0017
0018 0018:   □ □ □ □ □ □ □ □  0018 0019 001A 001B 001C 001D 001E 001F
0020 0020:     ! " # $ % & '  0020 0021 0022 0023 0024 0025 0026 0027
0028 0028:   ( ) * + , - . /  0028 0029 002A 002B 002C 002D 002E 002F
0030 0030:   0 1 2 3 4 5 6 7  0030 0031 0032 0033 0034 0035 0036 0037
0038 0038:   8 9 : ; < = > ?  0038 0039 003A 003B 003C 003D 003E 003F
0040 0040:   @ A B C D E F G  0040 0041 0042 0043 0044 0045 0046 0047
0048 0048:   H I J K L M N O  0048 0049 004A 004B 004C 004D 004E 004F
0050 0050:   P Q R S T U V W  0050 0051 0052 0053 0054 0055 0056 0057
0058 0058:   X Y Z [ \ ] ^ _  0058 0059 005A 005B 005C 005D 005E 005F
0060 0060:   ` a b c d e f g  0060 0061 0062 0063 0064 0065 0066 0067
0068 0068:   h i j k l m n o  0068 0069 006A 006B 006C 006D 006E 006F
0070 0070:   p q r s t u v w  0070 0071 0072 0073 0074 0075 0076 0077
0078 0078:   x y z { | } ~ □  0078 0079 007A 007B 007C 007D 007E 007F
0080 0080:   ■ ■ ■ ■ ■ ■ ■ ■  ---- ---- ---- ---- ---- ---- ---- ----
0088 0088:   ■ ■ ■ ■ ■ ■ ■ ■  ---- ---- ---- ---- ---- ---- ---- ----
0090 0090:   ■ ■ ■ ■ ■ ■ ■ ■  ---- ---- ---- ---- ---- ---- ---- ----
0098 0098:   ■ ■ ■ ■ ■ ■ ■ ■  ---- ---- ---- ---- ---- ---- ---- ----
00A0 00A0:   ■ ■ ■ ■ ■ ■ ■ ■  ---- ---- ---- ---- ---- ---- ---- ----
00A8 00A8:   ■ ■ ■ ■ ■ ■ ■ ■  ---- ---- ---- ---- ---- ---- ---- ----
00B0 00B0:   ■ ■ ■ ■ ■ ■ ■ ■  ---- ---- ---- ---- ---- ---- ---- ----
00B8 00B8:   ■ ■ ■ ■ ■ ■ ■ ■  ---- ---- ---- ---- ---- ---- ---- ----
00C0 00C0:   ■ ■ ■ ■ ■ ■ ■ ■  ---- ---- ---- ---- ---- ---- ---- ----
00D0 00C8:   ■ ■ ■ ■ ■ ■ ■ ■  ---- ---- ---- ---- ---- ---- ---- ----
00E0 00D0:   ■ ■ ■ ■ ■ ■ ■ ■  ---- ---- ---- ---- ---- ---- ---- ----
00FA 00D8:   ■ ■ ■ ■ ■ ■      ---- ---- ---- ---- ---- ----
